// Jest Snapshot v1, https://goo.gl/fbAQLP

exports[`Message it renders correctly with defaults 1`] = `
<div
  className="message messageHidden"
>
  <div>
    
  </div>
</div>
`;
